Fatal: Failed to read password file: open passwords.txt: no such file or directory
Fatal: Error starting protocol stack: listen udp :21000: bind: address already in use
Unlocking keys/tm1.key
Unlocked keys/tm1.key
Unlocking keys/tm1a.key
Unlocked keys/tm1a.key
Fatal: Error starting protocol stack: listen udp :21000: bind: address already in use
Unlocking keys/tm4.key
Unlocked keys/tm4.key
Unlocking keys/tm4a.key
Unlocked keys/tm4a.key
Unlocking keys/tm3.key
Unlocked keys/tm3.key
Unlocking keys/tm3a.key
Unlocked keys/tm3a.key
Unlocking keys/tm2.key
Unlocked keys/tm2.key
Unlocking keys/tm2a.key
Unlocked keys/tm2a.key
Unlocking keys/tm5.key
Unlocked keys/tm5.key
Unlocking keys/tm5a.key
Unlocked keys/tm5a.key
Unlocking keys/tm1.key
Unlocked keys/tm1.key
Unlocking keys/tm1a.key
Unlocked keys/tm1a.key
Fatal: Error starting protocol stack: listen udp :21000: bind: address already in use
Unlocking keys/tm2.key
Unlocked keys/tm2.key
Unlocking keys/tm2a.key
Unlocked keys/tm2a.key
Unlocking keys/tm5.key
Unlocked keys/tm5.key
Unlocking keys/tm5a.key
Unlocked keys/tm5a.key
Unlocking keys/tm4.key
Unlocked keys/tm4.key
Unlocking keys/tm4a.key
Unlocked keys/tm4a.key
Unlocking keys/tm3.key
Unlocked keys/tm3.key
Unlocking keys/tm3a.key
Unlocked keys/tm3a.key
Fatal: Error starting protocol stack: listen udp :21000: bind: address already in use
Unlocking keys/tm1.key
Unlocked keys/tm1.key
Unlocking keys/tm1a.key
Unlocked keys/tm1a.key
Fatal: Error starting protocol stack: listen udp :21000: bind: address already in use
Unlocking keys/tm2.key
Unlocked keys/tm2.key
Unlocking keys/tm2a.key
Unlocked keys/tm2a.key
Unlocking keys/tm5.key
Unlocked keys/tm5.key
Unlocking keys/tm5a.key
Unlocked keys/tm5a.key
Unlocking keys/tm4.key
Unlocked keys/tm4.key
Unlocking keys/tm4a.key
Unlocked keys/tm4a.key
Unlocking keys/tm3.key
Unlocked keys/tm3.key
Unlocking keys/tm3a.key
Unlocked keys/tm3a.key
Unlocking keys/tm1.key
Unlocked keys/tm1.key
Unlocking keys/tm1a.key
Unlocked keys/tm1a.key
Fatal: Error starting protocol stack: listen udp :21000: bind: address already in use
Unlocking keys/tm3.key
Unlocked keys/tm3.key
Unlocking keys/tm3a.key
Unlocked keys/tm3a.key
Unlocking keys/tm2.key
Unlocked keys/tm2.key
Unlocking keys/tm2a.key
Unlocked keys/tm2a.key
Unlocking keys/tm4.key
Unlocked keys/tm4.key
Unlocking keys/tm4a.key
Unlocked keys/tm4a.key
Unlocking keys/tm5.key
Unlocked keys/tm5.key
Unlocking keys/tm5a.key
Unlocked keys/tm5a.key
Unlocking keys/tm1.key
Unlocked keys/tm1.key
Unlocking keys/tm1a.key
Unlocked keys/tm1a.key
Fatal: Error starting protocol stack: listen udp :21000: bind: address already in use
Unlocking keys/tm3.key
Unlocked keys/tm3.key
Unlocking keys/tm3a.key
Unlocked keys/tm3a.key
Unlocking keys/tm5.key
Unlocked keys/tm5.key
Unlocking keys/tm5a.key
Unlocked keys/tm5a.key
Unlocking keys/tm4.key
Unlocked keys/tm4.key
Unlocking keys/tm4a.key
Unlocked keys/tm4a.key
Unlocking keys/tm2.key
Unlocked keys/tm2.key
Unlocking keys/tm2a.key
Unlocked keys/tm2a.key
Unlocking keys/tm1.key
Unlocked keys/tm1.key
Unlocking keys/tm1a.key
Unlocked keys/tm1a.key
Fatal: Error starting protocol stack: listen udp :21000: bind: address already in use
Unlocking keys/tm2.key
Unlocked keys/tm2.key
Unlocking keys/tm2a.key
Unlocked keys/tm2a.key
Unlocking keys/tm4.key
Unlocked keys/tm4.key
Unlocking keys/tm4a.key
Unlocked keys/tm4a.key
Unlocking keys/tm5.key
Unlocked keys/tm5.key
Unlocking keys/tm5a.key
Unlocked keys/tm5a.key
Unlocking keys/tm3.key
Unlocked keys/tm3.key
Unlocking keys/tm3a.key
Unlocked keys/tm3a.key
Unlocking keys/tm5.key
Unlocked keys/tm5.key
Unlocking keys/tm5a.key
Unlocked keys/tm5a.key
Unlocking keys/tm1.key
Unlocked keys/tm1.key
Unlocking keys/tm1a.key
Unlocked keys/tm1a.key
Unlocking keys/tm3.key
Unlocked keys/tm3.key
Unlocking keys/tm3a.key
Unlocked keys/tm3a.key
Unlocking keys/tm2.key
Unlocked keys/tm2.key
Unlocking keys/tm2a.key
Unlocked keys/tm2a.key
Unlocking keys/tm4.key
Unlocked keys/tm4.key
Unlocking keys/tm4a.key
Unlocked keys/tm4a.key
Fatal: listen udp 127.0.0.1:33445: bind: address already in use
Fatal: Could not open database: resource temporarily unavailable
Fatal: Could not open database: resource temporarily unavailable
Fatal: Could not open database: resource temporarily unavailable
Fatal: Could not open database: resource temporarily unavailable
Fatal: Could not open database: resource temporarily unavailable
Unlocking keys/tm4.key
Unlocked keys/tm4.key
Unlocking keys/tm4a.key
Unlocked keys/tm4a.key
Unlocking keys/tm3.key
Unlocked keys/tm3.key
Unlocking keys/tm3a.key
Unlocked keys/tm3a.key
Unlocking keys/tm5.key
Unlocked keys/tm5.key
Unlocking keys/tm5a.key
Unlocked keys/tm5a.key
Unlocking keys/tm1.key
Unlocked keys/tm1.key
Unlocking keys/tm1a.key
Unlocked keys/tm1a.key
Unlocking keys/tm2.key
Unlocked keys/tm2.key
Unlocking keys/tm2a.key
Unlocked keys/tm2a.key
Fatal: listen udp 127.0.0.1:33445: bind: address already in use
Fatal: Could not open database: resource temporarily unavailable
Fatal: Could not open database: resource temporarily unavailable
Fatal: Could not open database: resource temporarily unavailable
Fatal: Could not open database: resource temporarily unavailable
Fatal: Could not open database: resource temporarily unavailable
Fatal: listen udp 127.0.0.1:33445: bind: address already in use
Fatal: Could not open database: resource temporarily unavailable
Fatal: Could not open database: resource temporarily unavailable
Fatal: Could not open database: resource temporarily unavailable
Fatal: Could not open database: resource temporarily unavailable
Fatal: Could not open database: resource temporarily unavailable
Fatal: listen udp 127.0.0.1:33445: bind: address already in use
Unlocking keys/tm5.key
Unlocked keys/tm5.key
Unlocking keys/tm5a.key
Unlocked keys/tm5a.key
Unlocking keys/tm4.key
Unlocked keys/tm4.key
Unlocking keys/tm4a.key
Unlocked keys/tm4a.key
Unlocking keys/tm1.key
Unlocked keys/tm1.key
Unlocking keys/tm1a.key
Unlocked keys/tm1a.key
Unlocking keys/tm3.key
Unlocked keys/tm3.key
Unlocking keys/tm3a.key
Unlocked keys/tm3a.key
Unlocking keys/tm2.key
Unlocked keys/tm2.key
Unlocking keys/tm2a.key
Unlocked keys/tm2a.key
